## BSD host
ok - unknown candidate pools are refused
ok - family pool JSON scopes jobs admission to proven concurrency
ok - candidate --list is non-empty, sorted, unique, and real
ok - serial classes remain excluded from the parallel candidate set
ok - audited fake-backend and stub-network extras are candidates
ok - exclusion list documents serial reasons
ok - isolation-proof contract test is family-mapped
ok - parallel shards consume the proven-isolated set only
ok - fixture repositories pin their initial branch to main
exit=0
## GNU stat first on PATH
ok - unknown candidate pools are refused
ok - family pool JSON scopes jobs admission to proven concurrency
ok - candidate --list is non-empty, sorted, unique, and real
ok - serial classes remain excluded from the parallel candidate set
ok - audited fake-backend and stub-network extras are candidates
ok - exclusion list documents serial reasons
ok - isolation-proof contract test is family-mapped
ok - parallel shards consume the proven-isolated set only
ok - fixture repositories pin their initial branch to main
exit=0
